ERR  MSG                SENT   N   KEY1 KEY2 KEY3    GAS   TOTAL
================================================================
OK   KEY1_MSG1                 1   MSG1             2566    2566
OK   - KEY2_MSG1        MSG1   2                    3466    6032
OK   - KEY2_MSG2               1   MSG1 MSG2        2690    5256
OK     - KEY1_MSG2      MSG2   2                    3466    8722
OK     - KEY2_MSG1      MSG1   2                    3570    8826
OK     - KEY3_MSG1      MSG1   2                    4100    9356
OK     - KEY3_MSG2      MSG2   2                    4126    9382
OK     - KEY3_MSG3             2                    3120    8376
OK     - KEY3_CNCL             2                    3120    8376
OK   - KEY2_MSG3               1   MSG1 MSG3        2690    5256
OK     - KEY1_MSG3      MSG3   2                    3466    8722
OK     - KEY2_MSG1      MSG1   2                    3570    8826
OK     - KEY3_MSG1      MSG1   2                    4100    9356
OK     - KEY3_MSG2             2                    3120    8376
OK     - KEY3_MSG3      MSG3   2                    4126    9382
OK     - KEY3_CNCL             2                    3120    8376
OK   - KEY2_CNCL               1   MSG1 CNCL        2690    5256
OK     - KEY1_CNCL             2                    2878    8134
OK     - KEY2_MSG1      MSG1   2                    3570    8826
OK     - KEY3_MSG1      MSG1   2                    4100    9356
OK     - KEY3_MSG2             2                    3120    8376
OK     - KEY3_MSG3             2                    3120    8376
OK     - KEY3_CNCL             2                    3538    8794
OK   - KEY3_MSG1        MSG1   2                    3852    6418
OK   - KEY3_MSG2               1   MSG1      MSG2   3076    5642
OK     - KEY1_MSG2      MSG2   2                    3466    9108
OK     - KEY2_MSG1      MSG1   2                    4100    9742
OK     - KEY2_MSG2      MSG2   2                    4126    9768
OK     - KEY2_MSG3             2                    3120    8762
OK     - KEY2_CNCL             2                    3120    8762
OK     - KEY3_MSG1      MSG1   2                    3570    9212
OK   - KEY3_MSG3               1   MSG1      MSG3   3076    5642
OK     - KEY1_MSG3      MSG3   2                    3466    9108
OK     - KEY2_MSG1      MSG1   2                    4100    9742
OK     - KEY2_MSG2             2                    3120    8762
OK     - KEY2_MSG3      MSG3   2                    4126    9768
OK     - KEY2_CNCL             2                    3120    8762
OK     - KEY3_MSG1      MSG1   2                    3570    9212
OK   - KEY3_CNCL               1   MSG1      CNCL   3076    5642
OK     - KEY1_CNCL             2                    2878    8520
OK     - KEY2_MSG1      MSG1   2                    4100    9742
OK     - KEY2_MSG2             2                    3120    8762
OK     - KEY2_MSG3             2                    3120    8762
OK     - KEY2_CNCL             2                    3538    9180
OK     - KEY3_MSG1      MSG1   2                    3570    9212
OK   KEY1_MSG2                 1   MSG2             2566    2566
OK   - KEY2_MSG1               1   MSG2 MSG1        2690    5256
OK     - KEY1_MSG1      MSG1   2                    3466    8722
OK     - KEY2_MSG2      MSG2   2                    3570    8826
OK     - KEY3_MSG1      MSG1   2                    4126    9382
OK     - KEY3_MSG2      MSG2   2                    4100    9356
OK     - KEY3_MSG3             2                    3120    8376
OK     - KEY3_CNCL             2                    3120    8376
OK   - KEY2_MSG2        MSG2   2                    3466    6032
OK   - KEY2_MSG3               1   MSG2 MSG3        2690    5256
OK     - KEY1_MSG3      MSG3   2                    3466    8722
OK     - KEY2_MSG2      MSG2   2                    3570    8826
OK     - KEY3_MSG1             2                    3120    8376
OK     - KEY3_MSG2      MSG2   2                    4100    9356
OK     - KEY3_MSG3      MSG3   2                    4126    9382
OK     - KEY3_CNCL             2                    3120    8376
OK   - KEY2_CNCL               1   MSG2 CNCL        2690    5256
OK     - KEY1_CNCL             2                    2878    8134
OK     - KEY2_MSG2      MSG2   2                    3570    8826
OK     - KEY3_MSG1             2                    3120    8376
OK     - KEY3_MSG2      MSG2   2                    4100    9356
OK     - KEY3_MSG3             2                    3120    8376
OK     - KEY3_CNCL             2                    3538    8794
OK   - KEY3_MSG1               1   MSG2      MSG1   3076    5642
OK     - KEY1_MSG1      MSG1   2                    3466    9108
OK     - KEY2_MSG1      MSG1   2                    4126    9768
OK     - KEY2_MSG2      MSG2   2                    4100    9742
OK     - KEY2_MSG3             2                    3120    8762
OK     - KEY2_CNCL             2                    3120    8762
OK     - KEY3_MSG2      MSG2   2                    3570    9212
OK   - KEY3_MSG2        MSG2   2                    3852    6418
OK   - KEY3_MSG3               1   MSG2      MSG3   3076    5642
OK     - KEY1_MSG3      MSG3   2                    3466    9108
OK     - KEY2_MSG1             2                    3120    8762
OK     - KEY2_MSG2      MSG2   2                    4100    9742
OK     - KEY2_MSG3      MSG3   2                    4126    9768
OK     - KEY2_CNCL             2                    3120    8762
OK     - KEY3_MSG2      MSG2   2                    3570    9212
OK   - KEY3_CNCL               1   MSG2      CNCL   3076    5642
OK     - KEY1_CNCL             2                    2878    8520
OK     - KEY2_MSG1             2                    3120    8762
OK     - KEY2_MSG2      MSG2   2                    4100    9742
OK     - KEY2_MSG3             2                    3120    8762
OK     - KEY2_CNCL             2                    3538    9180
OK     - KEY3_MSG2      MSG2   2                    3570    9212
OK   KEY1_MSG3                 1   MSG3             2566    2566
OK   - KEY2_MSG1               1   MSG3 MSG1        2690    5256
OK     - KEY1_MSG1      MSG1   2                    3466    8722
OK     - KEY2_MSG3      MSG3   2                    3570    8826
OK     - KEY3_MSG1      MSG1   2                    4126    9382
OK     - KEY3_MSG2             2                    3120    8376
OK     - KEY3_MSG3      MSG3   2                    4100    9356
OK     - KEY3_CNCL             2                    3120    8376
OK   - KEY2_MSG2               1   MSG3 MSG2        2690    5256
OK     - KEY1_MSG2      MSG2   2                    3466    8722
OK     - KEY2_MSG3      MSG3   2                    3570    8826
OK     - KEY3_MSG1             2                    3120    8376
OK     - KEY3_MSG2      MSG2   2                    4126    9382
OK     - KEY3_MSG3      MSG3   2                    4100    9356
OK     - KEY3_CNCL             2                    3120    8376
OK   - KEY2_MSG3        MSG3   2                    3466    6032
OK   - KEY2_CNCL               1   MSG3 CNCL        2690    5256
OK     - KEY1_CNCL             2                    2878    8134
OK     - KEY2_MSG3      MSG3   2                    3570    8826
OK     - KEY3_MSG1             2                    3120    8376
OK     - KEY3_MSG2             2                    3120    8376
OK     - KEY3_MSG3      MSG3   2                    4100    9356
OK     - KEY3_CNCL             2                    3538    8794
OK   - KEY3_MSG1               1   MSG3      MSG1   3076    5642
OK     - KEY1_MSG1      MSG1   2                    3466    9108
OK     - KEY2_MSG1      MSG1   2                    4126    9768
OK     - KEY2_MSG2             2                    3120    8762
OK     - KEY2_MSG3      MSG3   2                    4100    9742
OK     - KEY2_CNCL             2                    3120    8762
OK     - KEY3_MSG3      MSG3   2                    3570    9212
OK   - KEY3_MSG2               1   MSG3      MSG2   3076    5642
OK     - KEY1_MSG2      MSG2   2                    3466    9108
OK     - KEY2_MSG1             2                    3120    8762
OK     - KEY2_MSG2      MSG2   2                    4126    9768
OK     - KEY2_MSG3      MSG3   2                    4100    9742
OK     - KEY2_CNCL             2                    3120    8762
OK     - KEY3_MSG3      MSG3   2                    3570    9212
OK   - KEY3_MSG3        MSG3   2                    3852    6418
OK   - KEY3_CNCL               1   MSG3      CNCL   3076    5642
OK     - KEY1_CNCL             2                    2878    8520
OK     - KEY2_MSG1             2                    3120    8762
OK     - KEY2_MSG2             2                    3120    8762
OK     - KEY2_MSG3      MSG3   2                    4100    9742
OK     - KEY2_CNCL             2                    3538    9180
OK     - KEY3_MSG3      MSG3   2                    3570    9212
OK   KEY1_CNCL                 1   CNCL             2566    2566
OK   - KEY2_MSG1               1   CNCL MSG1        2690    5256
OK     - KEY1_MSG1      MSG1   2                    3466    8722
OK     - KEY2_CNCL             2                    2982    8238
OK     - KEY3_MSG1      MSG1   2                    4126    9382
OK     - KEY3_MSG2             2                    3120    8376
OK     - KEY3_MSG3             2                    3120    8376
OK     - KEY3_CNCL             2                    3512    8768
OK   - KEY2_MSG2               1   CNCL MSG2        2690    5256
OK     - KEY1_MSG2      MSG2   2                    3466    8722
OK     - KEY2_CNCL             2                    2982    8238
OK     - KEY3_MSG1             2                    3120    8376
OK     - KEY3_MSG2      MSG2   2                    4126    9382
OK     - KEY3_MSG3             2                    3120    8376
OK     - KEY3_CNCL             2                    3512    8768
OK   - KEY2_MSG3               1   CNCL MSG3        2690    5256
OK     - KEY1_MSG3      MSG3   2                    3466    8722
OK     - KEY2_CNCL             2                    2982    8238
OK     - KEY3_MSG1             2                    3120    8376
OK     - KEY3_MSG2             2                    3120    8376
OK     - KEY3_MSG3      MSG3   2                    4126    9382
OK     - KEY3_CNCL             2                    3512    8768
OK   - KEY2_CNCL               2                    2878    5444
OK   - KEY3_MSG1               1   CNCL      MSG1   3076    5642
OK     - KEY1_MSG1      MSG1   2                    3466    9108
OK     - KEY2_MSG1      MSG1   2                    4126    9768
OK     - KEY2_MSG2             2                    3120    8762
OK     - KEY2_MSG3             2                    3120    8762
OK     - KEY2_CNCL             2                    3512    9154
OK     - KEY3_CNCL             2                    2982    8624
OK   - KEY3_MSG2               1   CNCL      MSG2   3076    5642
OK     - KEY1_MSG2      MSG2   2                    3466    9108
OK     - KEY2_MSG1             2                    3120    8762
OK     - KEY2_MSG2      MSG2   2                    4126    9768
OK     - KEY2_MSG3             2                    3120    8762
OK     - KEY2_CNCL             2                    3512    9154
OK     - KEY3_CNCL             2                    2982    8624
OK   - KEY3_MSG3               1   CNCL      MSG3   3076    5642
OK     - KEY1_MSG3      MSG3   2                    3466    9108
OK     - KEY2_MSG1             2                    3120    8762
OK     - KEY2_MSG2             2                    3120    8762
OK     - KEY2_MSG3      MSG3   2                    4126    9768
OK     - KEY2_CNCL             2                    3512    9154
OK     - KEY3_CNCL             2                    2982    8624
OK   - KEY3_CNCL               2                    3264    5830
================================================================
ERR  MSG                SENT   N   KEY1 KEY2 KEY3    GAS   TOTAL
================================================================
OK   KEY2_MSG1                 1        MSG1        2670    2670
OK   - KEY1_MSG1        MSG1   2                    3466    6136
OK   - KEY1_MSG2               1   MSG2 MSG1        2690    5360
OK     - KEY1_MSG1      MSG1   2                    3570    8930
OK     - KEY2_MSG2      MSG2   2                    3466    8826
OK     - KEY3_MSG1      MSG1   2                    4100    9460
OK     - KEY3_MSG2      MSG2   2                    4126    9486
OK     - KEY3_MSG3             2                    3120    8480
OK     - KEY3_CNCL             2                    3120    8480
OK   - KEY1_MSG3               1   MSG3 MSG1        2690    5360
OK     - KEY1_MSG1      MSG1   2                    3570    8930
OK     - KEY2_MSG3      MSG3   2                    3466    8826
OK     - KEY3_MSG1      MSG1   2                    4100    9460
OK     - KEY3_MSG2             2                    3120    8480
OK     - KEY3_MSG3      MSG3   2                    4126    9486
OK     - KEY3_CNCL             2                    3120    8480
OK   - KEY1_CNCL               1   CNCL MSG1        2690    5360
OK     - KEY1_MSG1      MSG1   2                    3570    8930
OK     - KEY2_CNCL             2                    2878    8238
OK     - KEY3_MSG1      MSG1   2                    4100    9460
OK     - KEY3_MSG2             2                    3120    8480
OK     - KEY3_MSG3             2                    3120    8480
OK     - KEY3_CNCL             2                    3538    8898
OK   - KEY3_MSG1        MSG1   2                    3852    6522
OK   - KEY3_MSG2               1        MSG1 MSG2   3076    5746
OK     - KEY1_MSG1      MSG1   2                    4100    9846
OK     - KEY1_MSG2      MSG2   2                    4126    9872
OK     - KEY1_MSG3             2                    3120    8866
OK     - KEY1_CNCL             2                    3120    8866
OK     - KEY2_MSG2      MSG2   2                    3466    9212
OK     - KEY3_MSG1      MSG1   2                    3570    9316
OK   - KEY3_MSG3               1        MSG1 MSG3   3076    5746
OK     - KEY1_MSG1      MSG1   2                    4100    9846
OK     - KEY1_MSG2             2                    3120    8866
OK     - KEY1_MSG3      MSG3   2                    4126    9872
OK     - KEY1_CNCL             2                    3120    8866
OK     - KEY2_MSG3      MSG3   2                    3466    9212
OK     - KEY3_MSG1      MSG1   2                    3570    9316
OK   - KEY3_CNCL               1        MSG1 CNCL   3076    5746
OK     - KEY1_MSG1      MSG1   2                    4100    9846
OK     - KEY1_MSG2             2                    3120    8866
OK     - KEY1_MSG3             2                    3120    8866
OK     - KEY1_CNCL             2                    3538    9284
OK     - KEY2_CNCL             2                    2878    8624
OK     - KEY3_MSG1      MSG1   2                    3570    9316
OK   KEY2_MSG2                 1        MSG2        2670    2670
OK   - KEY1_MSG1               1   MSG1 MSG2        2690    5360
OK     - KEY1_MSG2      MSG2   2                    3570    8930
OK     - KEY2_MSG1      MSG1   2                    3466    8826
OK     - KEY3_MSG1      MSG1   2                    4126    9486
OK     - KEY3_MSG2      MSG2   2                    4100    9460
OK     - KEY3_MSG3             2                    3120    8480
OK     - KEY3_CNCL             2                    3120    8480
OK   - KEY1_MSG2        MSG2   2                    3466    6136
OK   - KEY1_MSG3               1   MSG3 MSG2        2690    5360
OK     - KEY1_MSG2      MSG2   2                    3570    8930
OK     - KEY2_MSG3      MSG3   2                    3466    8826
OK     - KEY3_MSG1             2                    3120    8480
OK     - KEY3_MSG2      MSG2   2                    4100    9460
OK     - KEY3_MSG3      MSG3   2                    4126    9486
OK     - KEY3_CNCL             2                    3120    8480
OK   - KEY1_CNCL               1   CNCL MSG2        2690    5360
OK     - KEY1_MSG2      MSG2   2                    3570    8930
OK     - KEY2_CNCL             2                    2878    8238
OK     - KEY3_MSG1             2                    3120    8480
OK     - KEY3_MSG2      MSG2   2                    4100    9460
OK     - KEY3_MSG3             2                    3120    8480
OK     - KEY3_CNCL             2                    3538    8898
OK   - KEY3_MSG1               1        MSG2 MSG1   3076    5746
OK     - KEY1_MSG1      MSG1   2                    4126    9872
OK     - KEY1_MSG2      MSG2   2                    4100    9846
OK     - KEY1_MSG3             2                    3120    8866
OK     - KEY1_CNCL             2                    3120    8866
OK     - KEY2_MSG1      MSG1   2                    3466    9212
OK     - KEY3_MSG2      MSG2   2                    3570    9316
OK   - KEY3_MSG2        MSG2   2                    3852    6522
OK   - KEY3_MSG3               1        MSG2 MSG3   3076    5746
OK     - KEY1_MSG1             2                    3120    8866
OK     - KEY1_MSG2      MSG2   2                    4100    9846
OK     - KEY1_MSG3      MSG3   2                    4126    9872
OK     - KEY1_CNCL             2                    3120    8866
OK     - KEY2_MSG3      MSG3   2                    3466    9212
OK     - KEY3_MSG2      MSG2   2                    3570    9316
OK   - KEY3_CNCL               1        MSG2 CNCL   3076    5746
OK     - KEY1_MSG1             2                    3120    8866
OK     - KEY1_MSG2      MSG2   2                    4100    9846
OK     - KEY1_MSG3             2                    3120    8866
OK     - KEY1_CNCL             2                    3538    9284
OK     - KEY2_CNCL             2                    2878    8624
OK     - KEY3_MSG2      MSG2   2                    3570    9316
OK   KEY2_MSG3                 1        MSG3        2670    2670
OK   - KEY1_MSG1               1   MSG1 MSG3        2690    5360
OK     - KEY1_MSG3      MSG3   2                    3570    8930
OK     - KEY2_MSG1      MSG1   2                    3466    8826
OK     - KEY3_MSG1      MSG1   2                    4126    9486
OK     - KEY3_MSG2             2                    3120    8480
OK     - KEY3_MSG3      MSG3   2                    4100    9460
OK     - KEY3_CNCL             2                    3120    8480
OK   - KEY1_MSG2               1   MSG2 MSG3        2690    5360
OK     - KEY1_MSG3      MSG3   2                    3570    8930
OK     - KEY2_MSG2      MSG2   2                    3466    8826
OK     - KEY3_MSG1             2                    3120    8480
OK     - KEY3_MSG2      MSG2   2                    4126    9486
OK     - KEY3_MSG3      MSG3   2                    4100    9460
OK     - KEY3_CNCL             2                    3120    8480
OK   - KEY1_MSG3        MSG3   2                    3466    6136
OK   - KEY1_CNCL               1   CNCL MSG3        2690    5360
OK     - KEY1_MSG3      MSG3   2                    3570    8930
OK     - KEY2_CNCL             2                    2878    8238
OK     - KEY3_MSG1             2                    3120    8480
OK     - KEY3_MSG2             2                    3120    8480
OK     - KEY3_MSG3      MSG3   2                    4100    9460
OK     - KEY3_CNCL             2                    3538    8898
OK   - KEY3_MSG1               1        MSG3 MSG1   3076    5746
OK     - KEY1_MSG1      MSG1   2                    4126    9872
OK     - KEY1_MSG2             2                    3120    8866
OK     - KEY1_MSG3      MSG3   2                    4100    9846
OK     - KEY1_CNCL             2                    3120    8866
OK     - KEY2_MSG1      MSG1   2                    3466    9212
OK     - KEY3_MSG3      MSG3   2                    3570    9316
OK   - KEY3_MSG2               1        MSG3 MSG2   3076    5746
OK     - KEY1_MSG1             2                    3120    8866
OK     - KEY1_MSG2      MSG2   2                    4126    9872
OK     - KEY1_MSG3      MSG3   2                    4100    9846
OK     - KEY1_CNCL             2                    3120    8866
OK     - KEY2_MSG2      MSG2   2                    3466    9212
OK     - KEY3_MSG3      MSG3   2                    3570    9316
OK   - KEY3_MSG3        MSG3   2                    3852    6522
OK   - KEY3_CNCL               1        MSG3 CNCL   3076    5746
OK     - KEY1_MSG1             2                    3120    8866
OK     - KEY1_MSG2             2                    3120    8866
OK     - KEY1_MSG3      MSG3   2                    4100    9846
OK     - KEY1_CNCL             2                    3538    9284
OK     - KEY2_CNCL             2                    2878    8624
OK     - KEY3_MSG3      MSG3   2                    3570    9316
OK   KEY2_CNCL                 1        CNCL        2670    2670
OK   - KEY1_MSG1               1   MSG1 CNCL        2690    5360
OK     - KEY1_CNCL             2                    2982    8342
OK     - KEY2_MSG1      MSG1   2                    3466    8826
OK     - KEY3_MSG1      MSG1   2                    4126    9486
OK     - KEY3_MSG2             2                    3120    8480
OK     - KEY3_MSG3             2                    3120    8480
OK     - KEY3_CNCL             2                    3512    8872
OK   - KEY1_MSG2               1   MSG2 CNCL        2690    5360
OK     - KEY1_CNCL             2                    2982    8342
OK     - KEY2_MSG2      MSG2   2                    3466    8826
OK     - KEY3_MSG1             2                    3120    8480
OK     - KEY3_MSG2      MSG2   2                    4126    9486
OK     - KEY3_MSG3             2                    3120    8480
OK     - KEY3_CNCL             2                    3512    8872
OK   - KEY1_MSG3               1   MSG3 CNCL        2690    5360
OK     - KEY1_CNCL             2                    2982    8342
OK     - KEY2_MSG3      MSG3   2                    3466    8826
OK     - KEY3_MSG1             2                    3120    8480
OK     - KEY3_MSG2             2                    3120    8480
OK     - KEY3_MSG3      MSG3   2                    4126    9486
OK     - KEY3_CNCL             2                    3512    8872
OK   - KEY1_CNCL               2                    2878    5548
OK   - KEY3_MSG1               1        CNCL MSG1   3076    5746
OK     - KEY1_MSG1      MSG1   2                    4126    9872
OK     - KEY1_MSG2             2                    3120    8866
OK     - KEY1_MSG3             2                    3120    8866
OK     - KEY1_CNCL             2                    3512    9258
OK     - KEY2_MSG1      MSG1   2                    3466    9212
OK     - KEY3_CNCL             2                    2982    8728
OK   - KEY3_MSG2               1        CNCL MSG2   3076    5746
OK     - KEY1_MSG1             2                    3120    8866
OK     - KEY1_MSG2      MSG2   2                    4126    9872
OK     - KEY1_MSG3             2                    3120    8866
OK     - KEY1_CNCL             2                    3512    9258
OK     - KEY2_MSG2      MSG2   2                    3466    9212
OK     - KEY3_CNCL             2                    2982    8728
OK   - KEY3_MSG3               1        CNCL MSG3   3076    5746
OK     - KEY1_MSG1             2                    3120    8866
OK     - KEY1_MSG2             2                    3120    8866
OK     - KEY1_MSG3      MSG3   2                    4126    9872
OK     - KEY1_CNCL             2                    3512    9258
OK     - KEY2_MSG3      MSG3   2                    3466    9212
OK     - KEY3_CNCL             2                    2982    8728
OK   - KEY3_CNCL               2                    3264    5934
================================================================
ERR  MSG                SENT   N   KEY1 KEY2 KEY3    GAS   TOTAL
================================================================
OK   KEY3_MSG1                 1             MSG1   2952    2952
OK   - KEY1_MSG1        MSG1   2                    3852    6804
OK   - KEY1_MSG2               1   MSG2      MSG1   3076    6028
OK     - KEY1_MSG1      MSG1   2                    3570    9598
OK     - KEY2_MSG1      MSG1   2                    4100   10128
OK     - KEY2_MSG2      MSG2   2                    4126   10154
OK     - KEY2_MSG3             2                    3120    9148
OK     - KEY2_CNCL             2                    3120    9148
OK     - KEY3_MSG2      MSG2   2                    3466    9494
OK   - KEY1_MSG3               1   MSG3      MSG1   3076    6028
OK     - KEY1_MSG1      MSG1   2                    3570    9598
OK     - KEY2_MSG1      MSG1   2                    4100   10128
OK     - KEY2_MSG2             2                    3120    9148
OK     - KEY2_MSG3      MSG3   2                    4126   10154
OK     - KEY2_CNCL             2                    3120    9148
OK     - KEY3_MSG3      MSG3   2                    3466    9494
OK   - KEY1_CNCL               1   CNCL      MSG1   3076    6028
OK     - KEY1_MSG1      MSG1   2                    3570    9598
OK     - KEY2_MSG1      MSG1   2                    4100   10128
OK     - KEY2_MSG2             2                    3120    9148
OK     - KEY2_MSG3             2                    3120    9148
OK     - KEY2_CNCL             2                    3538    9566
OK     - KEY3_CNCL             2                    2878    8906
OK   - KEY2_MSG1        MSG1   2                    3466    6418
OK   - KEY2_MSG2               1        MSG2 MSG1   2690    5642
OK     - KEY1_MSG1      MSG1   2                    4100    9742
OK     - KEY1_MSG2      MSG2   2                    4126    9768
OK     - KEY1_MSG3             2                    3120    8762
OK     - KEY1_CNCL             2                    3120    8762
OK     - KEY2_MSG1      MSG1   2                    3570    9212
OK     - KEY3_MSG2      MSG2   2                    3466    9108
OK   - KEY2_MSG3               1        MSG3 MSG1   2690    5642
OK     - KEY1_MSG1      MSG1   2                    4100    9742
OK     - KEY1_MSG2             2                    3120    8762
OK     - KEY1_MSG3      MSG3   2                    4126    9768
OK     - KEY1_CNCL             2                    3120    8762
OK     - KEY2_MSG1      MSG1   2                    3570    9212
OK     - KEY3_MSG3      MSG3   2                    3466    9108
OK   - KEY2_CNCL               1        CNCL MSG1   2690    5642
OK     - KEY1_MSG1      MSG1   2                    4100    9742
OK     - KEY1_MSG2             2                    3120    8762
OK     - KEY1_MSG3             2                    3120    8762
OK     - KEY1_CNCL             2                    3538    9180
OK     - KEY2_MSG1      MSG1   2                    3570    9212
OK     - KEY3_CNCL             2                    2878    8520
OK   KEY3_MSG2                 1             MSG2   2952    2952
OK   - KEY1_MSG1               1   MSG1      MSG2   3076    6028
OK     - KEY1_MSG2      MSG2   2                    3570    9598
OK     - KEY2_MSG1      MSG1   2                    4126   10154
OK     - KEY2_MSG2      MSG2   2                    4100   10128
OK     - KEY2_MSG3             2                    3120    9148
OK     - KEY2_CNCL             2                    3120    9148
OK     - KEY3_MSG1      MSG1   2                    3466    9494
OK   - KEY1_MSG2        MSG2   2                    3852    6804
OK   - KEY1_MSG3               1   MSG3      MSG2   3076    6028
OK     - KEY1_MSG2      MSG2   2                    3570    9598
OK     - KEY2_MSG1             2                    3120    9148
OK     - KEY2_MSG2      MSG2   2                    4100   10128
OK     - KEY2_MSG3      MSG3   2                    4126   10154
OK     - KEY2_CNCL             2                    3120    9148
OK     - KEY3_MSG3      MSG3   2                    3466    9494
OK   - KEY1_CNCL               1   CNCL      MSG2   3076    6028
OK     - KEY1_MSG2      MSG2   2                    3570    9598
OK     - KEY2_MSG1             2                    3120    9148
OK     - KEY2_MSG2      MSG2   2                    4100   10128
OK     - KEY2_MSG3             2                    3120    9148
OK     - KEY2_CNCL             2                    3538    9566
OK     - KEY3_CNCL             2                    2878    8906
OK   - KEY2_MSG1               1        MSG1 MSG2   2690    5642
OK     - KEY1_MSG1      MSG1   2                    4126    9768
OK     - KEY1_MSG2      MSG2   2                    4100    9742
OK     - KEY1_MSG3             2                    3120    8762
OK     - KEY1_CNCL             2                    3120    8762
OK     - KEY2_MSG2      MSG2   2                    3570    9212
OK     - KEY3_MSG1      MSG1   2                    3466    9108
OK   - KEY2_MSG2        MSG2   2                    3466    6418
OK   - KEY2_MSG3               1        MSG3 MSG2   2690    5642
OK     - KEY1_MSG1             2                    3120    8762
OK     - KEY1_MSG2      MSG2   2                    4100    9742
OK     - KEY1_MSG3      MSG3   2                    4126    9768
OK     - KEY1_CNCL             2                    3120    8762
OK     - KEY2_MSG2      MSG2   2                    3570    9212
OK     - KEY3_MSG3      MSG3   2                    3466    9108
OK   - KEY2_CNCL               1        CNCL MSG2   2690    5642
OK     - KEY1_MSG1             2                    3120    8762
OK     - KEY1_MSG2      MSG2   2                    4100    9742
OK     - KEY1_MSG3             2                    3120    8762
OK     - KEY1_CNCL             2                    3538    9180
OK     - KEY2_MSG2      MSG2   2                    3570    9212
OK     - KEY3_CNCL             2                    2878    8520
OK   KEY3_MSG3                 1             MSG3   2952    2952
OK   - KEY1_MSG1               1   MSG1      MSG3   3076    6028
OK     - KEY1_MSG3      MSG3   2                    3570    9598
OK     - KEY2_MSG1      MSG1   2                    4126   10154
OK     - KEY2_MSG2             2                    3120    9148
OK     - KEY2_MSG3      MSG3   2                    4100   10128
OK     - KEY2_CNCL             2                    3120    9148
OK     - KEY3_MSG1      MSG1   2                    3466    9494
OK   - KEY1_MSG2               1   MSG2      MSG3   3076    6028
OK     - KEY1_MSG3      MSG3   2                    3570    9598
OK     - KEY2_MSG1             2                    3120    9148
OK     - KEY2_MSG2      MSG2   2                    4126   10154
OK     - KEY2_MSG3      MSG3   2                    4100   10128
OK     - KEY2_CNCL             2                    3120    9148
OK     - KEY3_MSG2      MSG2   2                    3466    9494
OK   - KEY1_MSG3        MSG3   2                    3852    6804
OK   - KEY1_CNCL               1   CNCL      MSG3   3076    6028
OK     - KEY1_MSG3      MSG3   2                    3570    9598
OK     - KEY2_MSG1             2                    3120    9148
OK     - KEY2_MSG2             2                    3120    9148
OK     - KEY2_MSG3      MSG3   2                    4100   10128
OK     - KEY2_CNCL             2                    3538    9566
OK     - KEY3_CNCL             2                    2878    8906
OK   - KEY2_MSG1               1        MSG1 MSG3   2690    5642
OK     - KEY1_MSG1      MSG1   2                    4126    9768
OK     - KEY1_MSG2             2                    3120    8762
OK     - KEY1_MSG3      MSG3   2                    4100    9742
OK     - KEY1_CNCL             2                    3120    8762
OK     - KEY2_MSG3      MSG3   2                    3570    9212
OK     - KEY3_MSG1      MSG1   2                    3466    9108
OK   - KEY2_MSG2               1        MSG2 MSG3   2690    5642
OK     - KEY1_MSG1             2                    3120    8762
OK     - KEY1_MSG2      MSG2   2                    4126    9768
OK     - KEY1_MSG3      MSG3   2                    4100    9742
OK     - KEY1_CNCL             2                    3120    8762
OK     - KEY2_MSG3      MSG3   2                    3570    9212
OK     - KEY3_MSG2      MSG2   2                    3466    9108
OK   - KEY2_MSG3        MSG3   2                    3466    6418
OK   - KEY2_CNCL               1        CNCL MSG3   2690    5642
OK     - KEY1_MSG1             2                    3120    8762
OK     - KEY1_MSG2             2                    3120    8762
OK     - KEY1_MSG3      MSG3   2                    4100    9742
OK     - KEY1_CNCL             2                    3538    9180
OK     - KEY2_MSG3      MSG3   2                    3570    9212
OK     - KEY3_CNCL             2                    2878    8520
OK   KEY3_CNCL                 1             CNCL   2952    2952
OK   - KEY1_MSG1               1   MSG1      CNCL   3076    6028
OK     - KEY1_CNCL             2                    2982    9010
OK     - KEY2_MSG1      MSG1   2                    4126   10154
OK     - KEY2_MSG2             2                    3120    9148
OK     - KEY2_MSG3             2                    3120    9148
OK     - KEY2_CNCL             2                    3512    9540
OK     - KEY3_MSG1      MSG1   2                    3466    9494
OK   - KEY1_MSG2               1   MSG2      CNCL   3076    6028
OK     - KEY1_CNCL             2                    2982    9010
OK     - KEY2_MSG1             2                    3120    9148
OK     - KEY2_MSG2      MSG2   2                    4126   10154
OK     - KEY2_MSG3             2                    3120    9148
OK     - KEY2_CNCL             2                    3512    9540
OK     - KEY3_MSG2      MSG2   2                    3466    9494
OK   - KEY1_MSG3               1   MSG3      CNCL   3076    6028
OK     - KEY1_CNCL             2                    2982    9010
OK     - KEY2_MSG1             2                    3120    9148
OK     - KEY2_MSG2             2                    3120    9148
OK     - KEY2_MSG3      MSG3   2                    4126   10154
OK     - KEY2_CNCL             2                    3512    9540
OK     - KEY3_MSG3      MSG3   2                    3466    9494
OK   - KEY1_CNCL               2                    3264    6216
OK   - KEY2_MSG1               1        MSG1 CNCL   2690    5642
OK     - KEY1_MSG1      MSG1   2                    4126    9768
OK     - KEY1_MSG2             2                    3120    8762
OK     - KEY1_MSG3             2                    3120    8762
OK     - KEY1_CNCL             2                    3512    9154
OK     - KEY2_CNCL             2                    2982    8624
OK     - KEY3_MSG1      MSG1   2                    3466    9108
OK   - KEY2_MSG2               1        MSG2 CNCL   2690    5642
OK     - KEY1_MSG1             2                    3120    8762
OK     - KEY1_MSG2      MSG2   2                    4126    9768
OK     - KEY1_MSG3             2                    3120    8762
OK     - KEY1_CNCL             2                    3512    9154
OK     - KEY2_CNCL             2                    2982    8624
OK     - KEY3_MSG2      MSG2   2                    3466    9108
OK   - KEY2_MSG3               1        MSG3 CNCL   2690    5642
OK     - KEY1_MSG1             2                    3120    8762
OK     - KEY1_MSG2             2                    3120    8762
OK     - KEY1_MSG3      MSG3   2                    4126    9768
OK     - KEY1_CNCL             2                    3512    9154
OK     - KEY2_CNCL             2                    2982    8624
OK     - KEY3_MSG3      MSG3   2                    3466    9108
OK   - KEY2_CNCL               2                    2878    5830
================================================================
